./scanner 16 2
./scanner 75 3
./scanner 157 2
./scanner 365 4
./scanner 601 5
